# ATLAS MDB decomposition map
# parent blocks: 3  ->  new blocks: 12
#
# new  parent   i0   i1    j0   j1    k0   k1      ni   nj   nk        cells  rank
     1     1     1    14       1     8       1     8        14    8    8          896     0
     2     1    15    27       1     8       1     8        13    8    8          832     2
     3     1    28    40       1     8       1     8        13    8    8          832     3
     4     1     1    14       9    16       1     8        14    8    8          896     1
     5     1    15    27       9    16       1     8        13    8    8          832     4
     6     1    28    40       9    16       1     8        13    8    8          832     5
     7     2     1    12       1     8       1     8        12    8    8          768     2
     8     2    13    24       1     8       1     8        12    8    8          768     3
     9     2     1    12       9    16       1     8        12    8    8          768     4
    10     2    13    24       9    16       1     8        12    8    8          768     5
    11     3     1     8       1     8       1     8         8    8    8          512     0
    12     3     1     8       9    16       1     8         8    8    8          512     1
#
# face origin of every new block (parent face number, or cut)
# new  parent   face1    face2    face3    face4    face5    face6
     1     1        1      cut        3      cut        5        6
     2     1      cut      cut        3      cut        5        6
     3     1      cut        2        3      cut        5        6
     4     1        1      cut      cut        4        5        6
     5     1      cut      cut      cut        4        5        6
     6     1      cut        2      cut        4        5        6
     7     2        1      cut        3      cut        5        6
     8     2      cut        2        3      cut        5        6
     9     2        1      cut      cut        4        5        6
    10     2      cut        2      cut        4        5        6
    11     3        1        2        3      cut        5        6
    12     3        1        2      cut        4        5        6
